the quick brown fox jumps over the lazy dog
9
quick
THE QUICK BROWN FOX JUMPS OVER THE LAZY DOG
the quick brown fox jumps over the lazy dog
god yzal eht revo spmuj xof nworb kciuq eht
the_quick_brown_fox_jumps_over_the_lazy_dog
true
true
true
10
2
THE quick brown fox jumps over THE lazy dog
0009
9000
-----
0
35
8
