TypeMismatch
DivisionByZero
Overflow
IndexOutOfBounds
ByteOutOfRange
KeyNotFound
JsonParseFailed
NumberParseFailed
InvalidExitCode
FileOpenFailed
  open no_such_file.txt
StreamNotReadable
StreamNotWritable
StreamClosed
CannotCloseStandardStream
ListDirFailed
RenameFailed
ProcessesUnavailable
ClockUnavailable
InvalidRange
TooManyOpenFiles
all handled
